// Jest Snapshot v1, https://goo.gl/fbAQLP

exports[`ScalarFieldContainer renders 1`] = `
<ScalarField
  config={Object {}}
  formName="test-form"
  onBlur={[Function]}
  onChange={[Function]}
  onChangeSilent={[Function]}
  onFocus={[Function]}
  path="name"
  schema={
    Object {
      "title": "Name",
      "type": "string",
    }
  }
  setUI={[Function]}
  value="Andrew"
/>
`;
